// Jest Snapshot v1, https://goo.gl/fbAQLP

exports[`create-snap-account confirmation should match snapshot 1`] = `
<div>
  <div
    class="confirmation-page"
  >
    <div
      class="confirmation-page__content"
    >
      <div
        class="mm-box create-snap-account-page mm-box--margin-bottom-0 mm-box--display-flex mm-box--flex-direction-column mm-box--align-items-center mm-box--width-full mm-box--height-full mm-box--border-style-none"
      >
        <div
          class="mm-box snaps-authorship-header mm-box--padding-4 mm-box--display-flex mm-box--align-items-center mm-box--width-full mm-box--background-color-background-default"
          style="box-shadow: var(--shadow-size-lg) var(--color-shadow-default);"
        >
          <div
            class="mm-box"
          >
            <div
              class="mm-box mm-badge-wrapper snap-avatar mm-box--display-inline-block"
            >
              <div
                class="mm-box mm-text mm-avatar-base mm-avatar-base--size-lg mm-text--body-lg-medium mm-text--text-transform-uppercase mm-box--display-flex mm-box--justify-content-center mm-box--align-items-center mm-box--color-text-alternative mm-box--background-color-background-alternative mm-box--rounded-full mm-box--border-color-border-default box--border-style-solid box--border-width-1"
                style="border-width: 0px;"
              >
                m
              </div>
              <div
                class="mm-box mm-badge-wrapper__badge-container mm-badge-wrapper__badge-container--circular-bottom-right"
              >
                <div
                  class="mm-box mm-text mm-avatar-base mm-avatar-base--size-sm mm-avatar-icon mm-text--body-sm mm-text--text-transform-uppercase mm-box--display-flex mm-box--justify-content-center mm-box--align-items-center mm-box--color-primary-default mm-box--background-color-info-default mm-box--rounded-full mm-box--border-color-background-default mm-box--border-width-2 box--border-style-solid"
                >
                  <span
                    class="mm-box mm-icon mm-icon--size-sm mm-box--display-inline-block mm-box--color-info-inverse"
                    style="mask-image: url('./images/icons/snaps.svg');"
                  />
                </div>
              </div>
            </div>
          </div>
          <div
            class="mm-box mm-box--margin-right-4 mm-box--margin-left-4 mm-box--display-flex mm-box--flex-direction-column"
            style="overflow: hidden;"
          >
            <p
              class="mm-box mm-text mm-text--body-md mm-text--font-weight-medium mm-text--ellipsis mm-box--color-text-default"
            >
              @metamask/snap-test
            </p>
            <p
              class="mm-box mm-text mm-text--body-sm mm-text--ellipsis mm-box--color-text-alternative"
            >
              @metamask/snap-test
            </p>
          </div>
          <div
            class="mm-box mm-box--margin-left-auto"
          >
            <div
              class="mm-box mm-text mm-avatar-base mm-avatar-base--size-md mm-avatar-icon snaps-authorship-header__button mm-text--body-sm mm-text--text-transform-uppercase mm-box--display-flex mm-box--justify-content-center mm-box--align-items-center mm-box--color-icon-muted mm-box--background-color-background-alternative mm-box--rounded-full mm-box--border-color-transparent box--border-style-solid box--border-width-1"
            >
              <span
                class="mm-box mm-icon mm-icon--size-md mm-box--display-inline-block mm-box--color-inherit"
                style="mask-image: url('./images/icons/info.svg');"
              />
            </div>
          </div>
        </div>
        <div
          class="mm-box mm-box--padding-right-4 mm-box--padding-left-4 mm-box--display-flex mm-box--flex-direction-column mm-box--justify-content-center mm-box--align-items-center"
          style="flex-grow: 1;"
        >
          <div
            class="mm-box mm-box--display-flex mm-box--flex-direction-column mm-box--align-items-center"
          >
            <div
              class="mm-box mm-box--padding-bottom-4"
            >
              <div
                class="mm-box mm-text mm-avatar-base mm-avatar-base--size-xl mm-avatar-icon mm-text--body-lg-medium mm-text--text-transform-uppercase mm-box--display-flex mm-box--justify-content-center mm-box--align-items-center mm-box--color-primary-default mm-box--background-color-primary-muted mm-box--rounded-full mm-box--border-color-transparent box--border-style-solid box--border-width-1"
              >
                <span
                  class="mm-box mm-icon mm-icon--size-xl mm-box--display-inline-block mm-box--color-inherit"
                  style="mask-image: url('./images/icons/user-circle-add.svg');"
                />
              </div>
            </div>
            <h2
              class="mm-box mm-text mm-text--heading-lg mm-text--text-align-center mm-box--color-text-default"
              data-testid="create-snap-account-content-title"
            >
              Create account
            </h2>
            <p
              class="mm-box mm-text mm-text--body-md mm-text--text-align-center mm-text--overflow-wrap-anywhere mm-box--color-text-default"
              data-testid="create-snap-account-content-description"
            >
              <span>
                 
                
                <span
                  class="mm-box mm-text mm-text--inherit mm-text--font-weight-medium mm-box--color-inherit"
                >
                  Test Snap Account Name
                </span>
                 wants to add a new account to MetaMask.
                 
              </span>
            </p>
          </div>
        </div>
      </div>
    </div>
    <div
      class="confirmation-footer"
      style="box-shadow: var(--shadow-size-lg) var(--color-shadow-default);"
    >
      <div
        class="confirmation-footer__actions"
        style="border-top: 0;"
      >
        <button
          class="button btn--rounded btn-secondary"
          data-testid="confirmation-cancel-button"
        >
          Cancel
        </button>
        <button
          class="button btn--rounded btn-primary"
          data-testid="confirmation-submit-button"
        >
          Create
        </button>
      </div>
    </div>
  </div>
</div>
`;
