// Jest Snapshot v1, https://goo.gl/fbAQLP

exports[`ExperimentalTab with desktop enabled renders ExperimentalTab component without error 1`] = `
<div>
  <div
    class="settings-page__body"
  >
    <div
      class="mm-box settings-page__content-row settings-page__content-row-experimental"
    >
      <div
        class="settings-page__content-item"
      >
        <span>
          Allow nicknames
        </span>
        <div
          class="settings-page__content-description"
        >
          This lets you assign a nickname to any address. Weâ€™ll suggest names for addresses that you interact with when possible.
        </div>
      </div>
      <div
        class="settings-page__content-item-col"
      >
        <label
          class="toggle-button toggle-button--off petnames-toggle"
          tabindex="0"
        >
          <div
            style="display: flex; width: 52px; align-items: center; justify-content: flex-start; position: relative; cursor: pointer; background-color: transparent; border: 0px; padding: 0px; user-select: none;"
          >
            <div
              style="width: 40px; height: 24px; padding: 0px; border-radius: 26px; display: flex; align-items: center; justify-content: center; background-color: rgb(242, 244, 246);"
            >
              <div
                style="font-size: 11px; display: flex; align-items: center; justify-content: center; font-family: 'Helvetica Neue', Helvetica, sans-serif; position: relative; color: rgb(250, 250, 250); margin-top: auto; margin-bottom: auto; line-height: 0; opacity: 0; width: 26px; height: 20px; left: 4px;"
              />
              <div
                style="font-size: 11px; display: flex; align-items: center; justify-content: center; font-family: 'Helvetica Neue', Helvetica, sans-serif; position: relative; color: rgba(255, 255, 255, 0.6); bottom: 0px; margin-top: auto; margin-bottom: auto; padding-right: 5px; line-height: 0; width: 26px; height: 20px; opacity: 1;"
              />
            </div>
            <div
              style="position: absolute; height: 100%; top: 0px; left: 0px; display: flex; flex: 1; align-self: stretch; align-items: center; justify-content: flex-start;"
            >
              <div
                style="width: 18px; height: 18px; display: flex; align-self: center; box-shadow: none; border-radius: 50%; box-sizing: border-box; position: relative; background-color: rgb(106, 115, 125); left: 3px;"
              />
            </div>
            <input
              data-testid="toggle-petnames"
              style="border: 0px; height: 1px; margin: -1px; overflow: hidden; padding: 0px; position: absolute; width: 1px;"
              type="checkbox"
              value="false"
            />
          </div>
          <div
            class="toggle-button__status"
          >
            <span
              class="toggle-button__label-off"
            >
              Off
            </span>
            <span
              class="toggle-button__label-on"
            >
              On
            </span>
          </div>
        </label>
      </div>
    </div>
    <h4
      class="mm-box mm-text mm-text--heading-sm mm-text--font-weight-bold mm-box--margin-bottom-2 mm-box--color-text-alternative"
    >
      Snaps
    </h4>
    <div
      class="mm-box settings-page__content-row settings-page__content-row-experimental mm-box--margin-bottom-3"
    >
      <div
        class="settings-page__content-item"
      >
        <span>
          Account Snaps
        </span>
        <div
          class="settings-page__content-description"
        >
          <h6
            class="mm-box mm-text mm-text--body-sm mm-box--color-text-alternative"
          >
            Accounts controlled by third-party Snaps.
          </h6>
          <div
            class="settings-page__content-item-col"
          >
            <h5
              class="mm-box mm-text mm-text--body-md mm-text--font-weight-medium mm-box--margin-bottom-0 mm-box--color-text-default"
            >
              Enable "Add account Snap (Beta)"
            </h5>
            <div
              data-testid="add-account-snap-toggle-div"
            >
              <label
                class="toggle-button toggle-button--off"
                tabindex="0"
              >
                <div
                  style="display: flex; width: 52px; align-items: center; justify-content: flex-start; position: relative; cursor: pointer; background-color: transparent; border: 0px; padding: 0px; user-select: none;"
                >
                  <div
                    style="width: 40px; height: 24px; padding: 0px; border-radius: 26px; display: flex; align-items: center; justify-content: center; background-color: rgb(242, 244, 246);"
                  >
                    <div
                      style="font-size: 11px; display: flex; align-items: center; justify-content: center; font-family: 'Helvetica Neue', Helvetica, sans-serif; position: relative; color: rgb(250, 250, 250); margin-top: auto; margin-bottom: auto; line-height: 0; opacity: 0; width: 26px; height: 20px; left: 4px;"
                    />
                    <div
                      style="font-size: 11px; display: flex; align-items: center; justify-content: center; font-family: 'Helvetica Neue', Helvetica, sans-serif; position: relative; color: rgba(255, 255, 255, 0.6); bottom: 0px; margin-top: auto; margin-bottom: auto; padding-right: 5px; line-height: 0; width: 26px; height: 20px; opacity: 1;"
                    />
                  </div>
                  <div
                    style="position: absolute; height: 100%; top: 0px; left: 0px; display: flex; flex: 1; align-self: stretch; align-items: center; justify-content: flex-start;"
                  >
                    <div
                      style="width: 18px; height: 18px; display: flex; align-self: center; box-shadow: none; border-radius: 50%; box-sizing: border-box; position: relative; background-color: rgb(106, 115, 125); left: 3px;"
                    />
                  </div>
                  <input
                    data-testid="add-account-snap-toggle-button"
                    style="border: 0px; height: 1px; margin: -1px; overflow: hidden; padding: 0px; position: absolute; width: 1px;"
                    type="checkbox"
                    value="false"
                  />
                </div>
                <div
                  class="toggle-button__status"
                >
                  <span
                    class="toggle-button__label-off"
                  />
                  <span
                    class="toggle-button__label-on"
                  />
                </div>
              </label>
            </div>
          </div>
          <h6
            class="mm-box mm-text mm-text--body-sm mm-box--margin-top-0 mm-box--color-text-alternative"
          >
            Turning on this feature will give you the option to add the new Beta account Snaps right from your account list. If you install an account Snap, remember that it is a third-party service.
          </h6>
        </div>
      </div>
    </div>
    <h4
      class="mm-box mm-text mm-text--heading-sm mm-box--margin-bottom-2 mm-box--color-text-alternative"
    >
      Desktop App
    </h4>
    <div
      class="mm-box mm-box--display-flex mm-box--flex-direction-row mm-box--flex-wrap-wrap mm-box--justify-content-space-between mm-box--align-items-center"
      data-testid="advanced-setting-desktop-pairing"
    >
      <p
        class="mm-box mm-text mm-text--body-md mm-box--margin-top-3 mm-box--padding-right-2 mm-box--color-text-default"
      >
        Click to run all background processes in the desktop app.
      </p>
      <div
        class="mm-box settings-page__content-item-col mm-box--padding-top-3"
      >
        <button
          class="button btn--rounded btn-primary btn--large"
        >
          Disable Desktop App
        </button>
      </div>
    </div>
    <div
      class="mm-box settings-page__content-row settings-page__content-row-experimental"
      data-testid="experimental-setting-toggle-request-queue"
    >
      <div
        class="settings-page__content-item"
      >
        <span>
          Select networks for each site
        </span>
        <div
          class="settings-page__content-description"
        >
          This allows you to select a network for each site instead of a single selected network for all sites. This feature will prevent you from switching networks manually, which may break your user experience on certain sites.
        </div>
      </div>
      <div
        class="settings-page__content-item-col"
      >
        <label
          class="toggle-button toggle-button--off request-queue-toggle"
          tabindex="0"
        >
          <div
            style="display: flex; width: 52px; align-items: center; justify-content: flex-start; position: relative; cursor: pointer; background-color: transparent; border: 0px; padding: 0px; user-select: none;"
          >
            <div
              style="width: 40px; height: 24px; padding: 0px; border-radius: 26px; display: flex; align-items: center; justify-content: center; background-color: rgb(242, 244, 246);"
            >
              <div
                style="font-size: 11px; display: flex; align-items: center; justify-content: center; font-family: 'Helvetica Neue', Helvetica, sans-serif; position: relative; color: rgb(250, 250, 250); margin-top: auto; margin-bottom: auto; line-height: 0; opacity: 0; width: 26px; height: 20px; left: 4px;"
              />
              <div
                style="font-size: 11px; display: flex; align-items: center; justify-content: center; font-family: 'Helvetica Neue', Helvetica, sans-serif; position: relative; color: rgba(255, 255, 255, 0.6); bottom: 0px; margin-top: auto; margin-bottom: auto; padding-right: 5px; line-height: 0; width: 26px; height: 20px; opacity: 1;"
              />
            </div>
            <div
              style="position: absolute; height: 100%; top: 0px; left: 0px; display: flex; flex: 1; align-self: stretch; align-items: center; justify-content: flex-start;"
            >
              <div
                style="width: 18px; height: 18px; display: flex; align-self: center; box-shadow: none; border-radius: 50%; box-sizing: border-box; position: relative; background-color: rgb(106, 115, 125); left: 3px;"
              />
            </div>
            <input
              style="border: 0px; height: 1px; margin: -1px; overflow: hidden; padding: 0px; position: absolute; width: 1px;"
              type="checkbox"
              value="false"
            />
          </div>
          <div
            class="toggle-button__status"
          >
            <span
              class="toggle-button__label-off"
            >
              Off
            </span>
            <span
              class="toggle-button__label-on"
            >
              On
            </span>
          </div>
        </label>
      </div>
    </div>
  </div>
</div>
`;
