// Jest Snapshot v1, https://goo.gl/fbAQLP

exports[`SelectButton renders without crashing 1`] = `
<div>
  <button
    class="mm-box mm-text mm-select-button mm-select-button--size-md mm-text--body-md mm-box--padding-top-2 mm-box--padding-right-4 mm-box--padding-bottom-2 mm-box--padding-left-4 mm-box--display-flex mm-box--gap-2 mm-box--justify-content-space-between mm-box--align-items-center mm-box--height-full mm-box--color-text-default mm-box--background-color-background-default mm-box--rounded-md mm-box--border-color-border-default box--border-style-solid box--border-width-1"
  >
    <span
      class="mm-box mm-select-button__content mm-box--display-flex mm-box--flex-direction-column mm-box--width-full"
    >
      <label
        class="mm-box mm-text mm-label mm-text--body-md mm-text--font-weight-medium mm-box--display-inline-flex mm-box--align-items-center mm-box--color-text-default"
      >
        Test Button
      </label>
    </span>
    <span
      class="mm-box mm-icon mm-icon--size-sm mm-box--display-inline-block mm-box--color-inherit"
      style="mask-image: url('./images/icons/arrow-down.svg');"
    />
  </button>
</div>
`;
