// Jest Snapshot v1, https://goo.gl/fbAQLP

exports[`DisconnectAllModal should render correctly 1`] = `<div />`;
