// Jest Snapshot v1, https://goo.gl/fbAQLP

exports[`Desktop Enable Button should match snapshot 1`] = `
<div>
  <button
    class="button btn--rounded btn-primary btn--large"
  >
    Enable Desktop App
  </button>
</div>
`;
