// Jest Snapshot v1, https://goo.gl/fbAQLP

exports[`JwtUrlForm shows JWT text area when no jwt token exists 1`] = `
<div>
  <div
    class="mm-box mm-box--margin-bottom-8 mm-box--display-flex mm-box--flex-direction-column mm-box--align-items-flex-start"
  >
    <div
      class="mm-box mm-box--margin-top-4 mm-box--margin-bottom-4 mm-box--display-flex mm-box--flex-direction-column mm-box--align-items-center mm-box--width-full"
    >
      <div
        class="mm-box mm-box--width-full"
      >
        <p
          class="mm-box mm-text mm-text--body-md mm-box--margin-bottom-4 mm-box--display-block mm-box--color-text-default"
        >
          input text
        </p>
        <textarea
          class="box box--padding-2 box--flex-direction-row box--width-full box--color-text-default box--background-color-background-default box--rounded-sm box--border-style-solid box--border-color-border-default box--border-width-1 textarea textarea--resize-both textarea--not-scrollable"
          data-testid="jwt-input"
          id="jwt-box"
          required=""
          style="height: 154px;"
        />
      </div>
    </div>
  </div>
</div>
`;
