// Jest Snapshot v1, https://goo.gl/fbAQLP

exports[`Confirm should match snapshot for personal signature 1`] = `
<div>
  <div
    class="mm-box multichain-page mm-box--display-flex mm-box--flex-direction-row mm-box--justify-content-center mm-box--width-full mm-box--height-full mm-box--background-color-background-alternative"
  >
    <div
      class="mm-box multichain-page__inner-container mm-box--display-flex mm-box--flex-direction-column mm-box--width-full mm-box--height-full mm-box--background-color-background-default"
    >
      <div
        class="mm-box confirm_header__wrapper mm-box--display-flex mm-box--justify-content-space-between mm-box--align-items-center"
      >
        <div
          class="mm-box mm-box--padding-4 mm-box--display-flex mm-box--align-items-flex-start"
        >
          <div
            class="mm-box mm-box--margin-top-2 mm-box--display-flex"
          >
            <div
              class=""
            >
              <div
                class="identicon"
                style="height: 32px; width: 32px; border-radius: 16px;"
              >
                <div
                  style="border-radius: 50px; overflow: hidden; padding: 0px; margin: 0px; width: 32px; height: 32px; display: inline-block; background: rgb(3, 73, 94);"
                >
                  <svg
                    height="32"
                    width="32"
                    x="0"
                    y="0"
                  >
                    <rect
                      fill="#FB184D"
                      height="32"
                      transform="translate(-0.010232866814926739 -2.467961361206475) rotate(274.3 16 16)"
                      width="32"
                      x="0"
                      y="0"
                    />
                    <rect
                      fill="#1888F2"
                      height="32"
                      transform="translate(0.7019171336752298 13.759175028660584) rotate(203.5 16 16)"
                      width="32"
                      x="0"
                      y="0"
                    />
                    <rect
                      fill="#FA8900"
                      height="32"
                      transform="translate(28.820219003567207 11.830135279564011) rotate(192.7 16 16)"
                      width="32"
                      x="0"
                      y="0"
                    />
                  </svg>
                </div>
              </div>
            </div>
            <div
              class="mm-box mm-text mm-avatar-base mm-avatar-base--size-xs mm-avatar-network confirm_header__avatar-network mm-text--body-xs mm-text--text-transform-uppercase mm-box--display-flex mm-box--justify-content-center mm-box--align-items-center mm-box--color-text-default mm-box--background-color-background-alternative mm-box--rounded-full mm-box--border-color-transparent box--border-style-solid box--border-width-1"
            >
              C
            </div>
          </div>
          <div
            class="mm-box mm-box--margin-inline-start-4"
          >
            <p
              class="mm-box mm-text mm-text--body-md mm-box--color-text-default"
            />
            <p
              class="mm-box mm-text mm-text--body-md mm-box--color-text-alternative"
            >
              Chain 5
            </p>
          </div>
        </div>
        <div
          class="mm-box mm-box--padding-4 mm-box--display-flex mm-box--align-items-flex-end"
        >
          <div
            class="mm-box mm-box--display-flex mm-box--justify-content-flex-end"
            style="align-self: flex-end;"
          >
            <div>
              <div
                aria-describedby="tippy-tooltip-2"
                class=""
                data-original-title="Account details"
                data-tooltipped=""
                style="display: inline;"
                tabindex="0"
              >
                <button
                  aria-label="Account details"
                  class="mm-box mm-button-icon mm-button-icon--size-md mm-box--display-inline-flex mm-box--justify-content-center mm-box--align-items-center mm-box--color-icon-default mm-box--background-color-transparent mm-box--rounded-lg"
                >
                  <span
                    class="mm-box mm-icon mm-icon--size-md mm-box--display-inline-block mm-box--color-inherit"
                    style="mask-image: url('./images/icons/info.svg');"
                  />
                </button>
              </div>
            </div>
          </div>
        </div>
      </div>
      <div
        class="mm-box mm-box--margin-bottom-4 mm-box--padding-4 mm-box--display-flex mm-box--width-full mm-box--background-color-primary-muted"
      >
        <span
          class="mm-box mm-icon mm-icon--size-md mm-box--margin-right-2 mm-box--display-inline-block mm-box--color-info-default"
          style="mask-image: url('./images/icons/info.svg');"
        />
        <p
          class="mm-box mm-text mm-text--body-xs mm-box--color-text-default"
        >
          Your selected account (0x0dcd5...3e7bc) is different than the account trying to sign ()
        </p>
      </div>
      <div
        class="mm-box multichain-page-content mm-box--padding-4 mm-box--display-flex mm-box--flex-direction-column mm-box--width-full mm-box--height-full mm-box--background-color-background-alternative"
      >
        <h2
          class="mm-box mm-text mm-text--heading-lg mm-text--text-align-center mm-box--padding-top-4 mm-box--padding-bottom-2 mm-box--color-text-default"
        >
          Signature request
        </h2>
        <p
          class="mm-box mm-text mm-text--body-md mm-text--text-align-center mm-box--padding-bottom-4 mm-box--color-text-alternative"
        >
          Only sign this message if you fully understand the content and trust the requesting site
        </p>
        <div
          class="mm-box mm-box--margin-bottom-4 mm-box--padding-2 mm-box--background-color-background-default mm-box--rounded-md"
        >
          <div
            class="mm-box confirm-info-row mm-box--margin-top-2 mm-box--margin-bottom-2 mm-box--padding-right-2 mm-box--padding-left-2 mm-box--display-flex mm-box--flex-direction-row mm-box--flex-wrap-wrap mm-box--justify-content-space-between mm-box--color-text-default mm-box--rounded-lg"
            style="overflow-wrap: anywhere; min-height: 24px;"
          >
            <div
              class="mm-box mm-box--display-flex mm-box--flex-direction-row mm-box--justify-content-center mm-box--align-items-center"
            >
              <p
                class="mm-box mm-text mm-text--body-md-medium mm-box--color-inherit"
              >
                Request from
              </p>
              <div>
                <div
                  aria-describedby="tippy-tooltip-3"
                  class=""
                  data-original-title="This is the site asking for your signature."
                  data-tooltipped=""
                  style="display: flex;"
                  tabindex="0"
                >
                  <span
                    class="mm-box mm-icon mm-icon--size-md mm-box--margin-left-1 mm-box--display-inline-block mm-box--color-icon-muted"
                    style="mask-image: url('./images/icons/question.svg');"
                  />
                </div>
              </div>
            </div>
            <div
              class="mm-box mm-box--display-flex mm-box--gap-2 mm-box--flex-wrap-wrap mm-box--align-items-center"
            >
              <p
                class="mm-box mm-text mm-text--body-md mm-box--color-inherit"
              >
                https://metamask.github.io
              </p>
            </div>
          </div>
        </div>
        <div
          class="mm-box mm-box--margin-bottom-4 mm-box--padding-2 mm-box--background-color-background-default mm-box--rounded-md"
        >
          <div
            class="mm-box confirm-info-row mm-box--margin-top-2 mm-box--margin-bottom-2 mm-box--padding-right-2 mm-box--padding-left-2 mm-box--display-flex mm-box--flex-direction-row mm-box--flex-wrap-wrap mm-box--justify-content-space-between mm-box--color-text-default mm-box--rounded-lg"
            style="overflow-wrap: anywhere; min-height: 24px;"
          >
            <div
              class="mm-box mm-box--display-flex mm-box--flex-direction-row mm-box--justify-content-center mm-box--align-items-center"
            >
              <p
                class="mm-box mm-text mm-text--body-md-medium mm-box--color-inherit"
              >
                Message
              </p>
            </div>
            <div
              class="mm-box mm-box--display-flex mm-box--gap-2 mm-box--flex-wrap-wrap mm-box--align-items-center"
            >
              <p
                class="mm-box mm-text mm-text--body-md mm-box--color-inherit"
              >
                Example \`personal_sign\` message
              </p>
            </div>
          </div>
        </div>
      </div>
      <div
        class="mm-box multichain-page-footer mm-box--padding-4 mm-box--display-flex mm-box--gap-4 mm-box--width-full"
      >
        <button
          class="mm-box mm-text mm-button-base mm-button-base--size-lg mm-button-base--block mm-button-secondary mm-text--body-md-medium mm-box--padding-0 mm-box--padding-right-4 mm-box--padding-left-4 mm-box--display-inline-flex mm-box--justify-content-center mm-box--align-items-center mm-box--color-primary-default mm-box--background-color-transparent mm-box--rounded-pill mm-box--border-color-primary-default box--border-style-solid box--border-width-1"
        >
          Cancel
        </button>
        <button
          class="mm-box mm-text mm-button-base mm-button-base--size-lg mm-button-base--block mm-button-primary mm-text--body-md-medium mm-box--padding-0 mm-box--padding-right-4 mm-box--padding-left-4 mm-box--display-inline-flex mm-box--justify-content-center mm-box--align-items-center mm-box--color-primary-inverse mm-box--background-color-primary-default mm-box--rounded-pill"
        >
          Confirm
        </button>
      </div>
    </div>
  </div>
</div>
`;
