// Jest Snapshot v1, https://goo.gl/fbAQLP

exports[`ConfirmFooter should match snapshot 1`] = `
<div>
  <div
    class="mm-box multichain-page-footer mm-box--padding-4 mm-box--display-flex mm-box--gap-4 mm-box--width-full"
  >
    <button
      class="mm-box mm-text mm-button-base mm-button-base--size-lg mm-button-base--block mm-button-secondary mm-text--body-md-medium mm-box--padding-0 mm-box--padding-right-4 mm-box--padding-left-4 mm-box--display-inline-flex mm-box--justify-content-center mm-box--align-items-center mm-box--color-primary-default mm-box--background-color-transparent mm-box--rounded-pill mm-box--border-color-primary-default box--border-style-solid box--border-width-1"
    >
      Cancel
    </button>
    <button
      class="mm-box mm-text mm-button-base mm-button-base--size-lg mm-button-base--block mm-button-primary mm-text--body-md-medium mm-box--padding-0 mm-box--padding-right-4 mm-box--padding-left-4 mm-box--display-inline-flex mm-box--justify-content-center mm-box--align-items-center mm-box--color-primary-inverse mm-box--background-color-primary-default mm-box--rounded-pill"
    >
      Confirm
    </button>
  </div>
</div>
`;
