// Jest Snapshot v1, https://goo.gl/fbAQLP

exports[`ModalContent should match snapshot 1`] = `
<div
  class="mm-box mm-modal-content mm-box--padding-top-4 mm-box--sm:padding-top-8 mm-box--md:padding-top-12 mm-box--padding-right-4 mm-box--padding-bottom-4 mm-box--sm:padding-bottom-8 mm-box--md:padding-bottom-12 mm-box--padding-left-4 mm-box--display-flex mm-box--justify-content-center mm-box--align-items-flex-start mm-box--width-screen mm-box--height-screen"
  data-testid="test"
>
  <section
    aria-modal="true"
    class="mm-box mm-modal-content__dialog mm-modal-content__dialog--size-sm mm-box--padding-top-4 mm-box--padding-bottom-4 mm-box--display-flex mm-box--flex-direction-column mm-box--width-full mm-box--background-color-background-default mm-box--rounded-lg"
    role="dialog"
  >
    test
  </section>
</div>
`;
